// Jest Snapshot v1, https://goo.gl/fbAQLP

exports[`<People /> should match snapshot 1`] = `
<div
  className="people-container"
>
  <div
    className="ui centered cards"
  >
    <div
      className="ui active transition visible dimmer"
      onClick={[Function]}
    >
      <div
        className="content"
      >
        <div
          className="ui text loader"
        >
          Loading...
        </div>
      </div>
    </div>
  </div>
</div>
`;
